// Jest Snapshot v1, https://goo.gl/fbAQLP

exports[`DAGNode renders HelloWorld component inside the default slot 1`] = `
<div>
  <div>
    <h1>Hello </h1>
  </div>
</div>
`;

exports[`DAGNode renders correctly 1`] = `<div></div>`;
