// Jest Snapshot v1, https://goo.gl/fbAQLP

exports[`App renders correctly 1`] = `
<main>
  <section class="section">
    <h1 class="title">Vue DAG Demo</h1>
    <div class="columns">
      <div class="column is-4"></div>
      <div class="column">
        <vue-dag-stub value="[object Object]"></vue-dag-stub>
      </div>
    </div>
  </section>
</main>
`;
